app/api/auth/register/route.ts(117,54): error TS2339: Property 'errors' does not exist on type 'ZodError<unknown>'.
app/api/auth/reset-password/route.ts(61,54): error TS2339: Property 'errors' does not exist on type 'ZodError<unknown>'.
app/api/export/[id]/route.ts(22,20): error TS2552: Cannot find name 'request'. Did you mean 'Request'?
app/api/export/[id]/route.ts(100,29): error TS2345: Argument of type 'Buffer<ArrayBufferLike>' is not assignable to parameter of type 'BodyInit | null | undefined'.
  Type 'Buffer<ArrayBufferLike>' is missing the following properties from type 'URLSearchParams': size, append, delete, get, and 2 more.
app/api/otp/send/route.ts(45,54): error TS2339: Property 'errors' does not exist on type 'ZodError<unknown>'.
app/api/otp/verify/route.ts(63,54): error TS2339: Property 'errors' does not exist on type 'ZodError<unknown>'.
app/api/payments/initialize/route.ts(53,54): error TS2339: Property 'errors' does not exist on type 'ZodError<unknown>'.
app/api/pipeline/run/route.ts(94,54): error TS2339: Property 'errors' does not exist on type 'ZodError<unknown>'.
app/api/projects/route.ts(64,54): error TS2339: Property 'errors' does not exist on type 'ZodError<unknown>'.
components/ui/use-toast.ts(7,6): error TS2456: Type alias 'ToasterToast' circularly references itself.
components/ui/use-toast.ts(136,6): error TS2456: Type alias 'Toast' circularly references itself.
lib/agents/evaluator.ts(118,11): error TS2353: Object literal may only specify known properties, and 'passedThreshold' does not exist in type 'EvaluationData'.
lib/agents/planner.ts(84,9): error TS2322: Type '{ contentType: string; structure: { key: string; title: string; description: string; estimatedWords: number; }[]; formattingRules: Record<string, unknown>; contentStrategy: string; searchQueries: string[]; }' is not assignable to type 'PlanData'.
  Types of property 'formattingRules' are incompatible.
    Type 'Record<string, unknown>' is not assignable to type 'Record<string, string>'.
      'string' index signatures are incompatible.
        Type 'unknown' is not assignable to type 'string'.
lib/agents/planner.ts(89,9): error TS2322: Type '{ contentType: string; structure: { key: string; title: string; description: string; estimatedWords: number; }[]; formattingRules: Record<string, unknown>; contentStrategy: string; searchQueries: string[]; }' is not assignable to type 'PlanData'.
  Types of property 'formattingRules' are incompatible.
    Type 'Record<string, unknown>' is not assignable to type 'Record<string, string>'.
      'string' index signatures are incompatible.
        Type 'unknown' is not assignable to type 'string'.
lib/agents/planner.ts(100,9): error TS2322: Type '{ contentType: string; structure: { key: string; title: string; description: string; estimatedWords: number; }[]; formattingRules: Record<string, unknown>; contentStrategy: string; searchQueries: string[]; }' is not assignable to type 'PlanData'.
  Types of property 'formattingRules' are incompatible.
    Type 'Record<string, unknown>' is not assignable to type 'Record<string, string>'.
      'string' index signatures are incompatible.
        Type 'unknown' is not assignable to type 'string'.
lib/agents/prompt-writer.ts(57,9): error TS2322: Type '{ rawInput: string; structuredIntent: Record<string, unknown>; finalPrompt: string; }' is not assignable to type 'PromptData'.
  Types of property 'structuredIntent' are incompatible.
    Type 'Record<string, unknown>' is not assignable to type 'Record<string, string>'.
      'string' index signatures are incompatible.
        Type 'unknown' is not assignable to type 'string'.
lib/agents/prompt-writer.ts(62,9): error TS2322: Type '{ rawInput: string; structuredIntent: Record<string, unknown>; finalPrompt: string; }' is not assignable to type 'PromptData'.
  Types of property 'structuredIntent' are incompatible.
    Type 'Record<string, unknown>' is not assignable to type 'Record<string, string>'.
      'string' index signatures are incompatible.
        Type 'unknown' is not assignable to type 'string'.
lib/agents/researcher.ts(62,47): error TS7006: Parameter 'q' implicitly has an 'any' type.
lib/db/mongoose.ts(17,39): error TS2345: Argument of type 'string | undefined' is not assignable to parameter of type 'string'.
  Type 'undefined' is not assignable to type 'string'.
lib/export/to-docx.ts(44,7): error TS2559: Type 'TextRun' has no properties in common with type 'IParagraphRunOptions'.
lib/guardrails/output-validator.ts(18,35): error TS2339: Property 'errors' does not exist on type 'ZodError<T>'.
lib/guardrails/output-validator.ts(19,13): error TS7006: Parameter 'e' implicitly has an 'any' type.
lib/guardrails/output-validator.ts(27,23): error TS2554: Expected 2-3 arguments, but got 1.
lib/guardrails/output-validator.ts(41,22): error TS2554: Expected 2-3 arguments, but got 1.
lib/payments/paystack.ts(77,27): error TS2345: Argument of type 'string | undefined' is not assignable to parameter of type 'BinaryLike | KeyObject'.
  Type 'undefined' is not assignable to type 'BinaryLike | KeyObject'.
lib/search/ddg-search.ts(1,17): error TS7016: Could not find a declaration file for module 'duckduckgo-search'. 'C:/Users/HP/Desktop/MSS_AI_Eng/agentic_author/node_modules/duckduckgo-search/index.js' implicitly has an 'any' type.
  Try `npm i --save-dev @types/duckduckgo-search` if it exists or add a new declaration (.d.ts) file containing `declare module 'duckduckgo-search';`
lib/search/ddg.ts(1,22): error TS7016: Could not find a declaration file for module 'duckduckgo-search'. 'C:/Users/HP/Desktop/MSS_AI_Eng/agentic_author/node_modules/duckduckgo-search/index.js' implicitly has an 'any' type.
  Try `npm i --save-dev @types/duckduckgo-search` if it exists or add a new declaration (.d.ts) file containing `declare module 'duckduckgo-search';`
